2026-06-09T10:14:49+00:00 [INFO] run start id=train stage=train framework=pytorch device=cpu cuda=False
2026-06-09T10:14:49+00:00 [INFO] config {"model": "SmallCNN", "dataset": "FashionMNIST", "optimizer": "SGD", "lr": 0.05, "epochs": 3, "batch_size": 64, "seed": 42, "train_limit": null, "fault_injected": "none"}
2026-06-09T10:14:49+00:00 [INFO] start training epochs=3 lr=0.05 batch_size=64
2026-06-09T10:14:49+00:00 [INFO] epoch=0 step=1 train_loss=2.3051 grad_norm=0.8983 lr=0.0500
2026-06-09T10:14:49+00:00 [INFO] epoch=0 step=10 train_loss=2.1898 grad_norm=0.8815 lr=0.0500
2026-06-09T10:14:49+00:00 [INFO] epoch=0 step=20 train_loss=1.8940 grad_norm=1.6269 lr=0.0500
2026-06-09T10:14:49+00:00 [INFO] epoch=0 step=30 train_loss=1.4168 grad_norm=3.3948 lr=0.0500
2026-06-09T10:14:49+00:00 [INFO] epoch=0 step=40 train_loss=1.3212 grad_norm=3.3354 lr=0.0500
2026-06-09T10:14:50+00:00 [INFO] epoch=0 step=50 train_loss=0.9901 grad_norm=2.6114 lr=0.0500
2026-06-09T10:14:50+00:00 [INFO] epoch=0 step=60 train_loss=0.9495 grad_norm=3.2763 lr=0.0500
2026-06-09T10:14:50+00:00 [INFO] epoch=0 step=63 train_loss=1.0741 val_loss=1.0451 train_acc=0.5913 val_acc=0.5900 lr=0.0500
2026-06-09T10:14:50+00:00 [INFO] epoch=1 step=70 train_loss=0.7807 grad_norm=2.6182 lr=0.0500
2026-06-09T10:14:50+00:00 [INFO] epoch=1 step=80 train_loss=0.8856 grad_norm=2.9226 lr=0.0500
2026-06-09T10:14:50+00:00 [INFO] epoch=1 step=90 train_loss=0.7735 grad_norm=2.1994 lr=0.0500
2026-06-09T10:14:50+00:00 [INFO] epoch=1 step=100 train_loss=0.8780 grad_norm=3.3890 lr=0.0500
2026-06-09T10:14:50+00:00 [INFO] epoch=1 step=110 train_loss=0.7618 grad_norm=2.6854 lr=0.0500
2026-06-09T10:14:51+00:00 [INFO] epoch=1 step=120 train_loss=0.8552 grad_norm=3.8919 lr=0.0500
2026-06-09T10:14:51+00:00 [INFO] epoch=1 step=126 train_loss=0.7837 val_loss=0.7767 train_acc=0.6880 val_acc=0.6860 lr=0.0500
2026-06-09T10:14:51+00:00 [INFO] epoch=2 step=130 train_loss=0.6884 grad_norm=1.7850 lr=0.0500
2026-06-09T10:14:51+00:00 [INFO] epoch=2 step=140 train_loss=0.6560 grad_norm=1.9152 lr=0.0500
2026-06-09T10:14:51+00:00 [INFO] epoch=2 step=150 train_loss=0.5514 grad_norm=1.2431 lr=0.0500
2026-06-09T10:14:51+00:00 [INFO] epoch=2 step=160 train_loss=0.5857 grad_norm=1.4015 lr=0.0500
2026-06-09T10:14:51+00:00 [INFO] epoch=2 step=170 train_loss=0.8196 grad_norm=1.6986 lr=0.0500
2026-06-09T10:14:51+00:00 [INFO] epoch=2 step=180 train_loss=0.7245 grad_norm=2.3080 lr=0.0500
2026-06-09T10:14:52+00:00 [INFO] epoch=2 step=189 train_loss=0.6377 val_loss=0.6732 train_acc=0.7582 val_acc=0.7590 lr=0.0500
2026-06-09T10:14:52+00:00 [INFO] saved model -> artifacts/model.pt
2026-06-09T10:14:52+00:00 [INFO] run end status=succeeded duration_sec=3.05 steps=22 -> runs/train/metrics.json
