2026-06-09T10:32:06+00:00 [INFO] run start id=scenario_overfit stage=train framework=pytorch device=cpu cuda=False
2026-06-09T10:32:06+00:00 [INFO] config {"model": "SmallCNN", "dataset": "FashionMNIST", "optimizer": "SGD", "lr": 0.05, "epochs": 40, "batch_size": 16, "seed": 42, "train_limit": 200, "fault_injected": "overfit"}
2026-06-09T10:32:06+00:00 [WARNING] train set limited to 200 samples (fault=overfit)
2026-06-09T10:32:07+00:00 [INFO] start training epochs=40 lr=0.05 batch_size=16
2026-06-09T10:32:07+00:00 [INFO] epoch=0 step=1 train_loss=2.3015 grad_norm=1.1941 lr=0.0500
2026-06-09T10:32:07+00:00 [INFO] epoch=0 step=10 train_loss=2.1564 grad_norm=1.5962 lr=0.0500
2026-06-09T10:32:07+00:00 [INFO] epoch=0 step=13 train_loss=2.0568 val_loss=2.1363 train_acc=0.1250 val_acc=0.0910 lr=0.0500
2026-06-09T10:32:07+00:00 [INFO] epoch=1 step=20 train_loss=2.1178 grad_norm=3.9001 lr=0.0500
2026-06-09T10:32:07+00:00 [INFO] epoch=1 step=26 train_loss=1.6329 val_loss=1.7350 train_acc=0.3650 val_acc=0.3360 lr=0.0500
2026-06-09T10:32:07+00:00 [INFO] epoch=2 step=30 train_loss=1.3403 grad_norm=2.9745 lr=0.0500
2026-06-09T10:32:07+00:00 [INFO] epoch=2 step=39 train_loss=1.3884 val_loss=1.5248 train_acc=0.4300 val_acc=0.3990 lr=0.0500
2026-06-09T10:32:07+00:00 [INFO] epoch=3 step=40 train_loss=1.3636 grad_norm=3.9578 lr=0.0500
2026-06-09T10:32:07+00:00 [INFO] epoch=3 step=50 train_loss=1.0932 grad_norm=3.6793 lr=0.0500
2026-06-09T10:32:07+00:00 [INFO] epoch=3 step=52 train_loss=1.2400 val_loss=1.2806 train_acc=0.5950 val_acc=0.5800 lr=0.0500
2026-06-09T10:32:07+00:00 [INFO] epoch=4 step=60 train_loss=1.0472 grad_norm=3.1515 lr=0.0500
2026-06-09T10:32:07+00:00 [INFO] epoch=4 step=65 train_loss=1.7383 val_loss=1.8732 train_acc=0.4800 val_acc=0.4150 lr=0.0500
2026-06-09T10:32:07+00:00 [INFO] epoch=5 step=70 train_loss=1.3940 grad_norm=3.6755 lr=0.0500
2026-06-09T10:32:07+00:00 [INFO] epoch=5 step=78 train_loss=1.0524 val_loss=1.1579 train_acc=0.5550 val_acc=0.5510 lr=0.0500
2026-06-09T10:32:07+00:00 [INFO] epoch=6 step=80 train_loss=0.9939 grad_norm=2.2415 lr=0.0500
2026-06-09T10:32:07+00:00 [INFO] epoch=6 step=90 train_loss=0.8858 grad_norm=4.7437 lr=0.0500
2026-06-09T10:32:07+00:00 [INFO] epoch=6 step=91 train_loss=0.8595 val_loss=1.0857 train_acc=0.6600 val_acc=0.5980 lr=0.0500
2026-06-09T10:32:07+00:00 [INFO] epoch=7 step=100 train_loss=1.4928 grad_norm=6.5708 lr=0.0500
2026-06-09T10:32:07+00:00 [INFO] epoch=7 step=104 train_loss=0.8154 val_loss=1.0906 train_acc=0.6800 val_acc=0.5890 lr=0.0500
2026-06-09T10:32:08+00:00 [INFO] epoch=8 step=110 train_loss=0.9013 grad_norm=3.6731 lr=0.0500
2026-06-09T10:32:08+00:00 [INFO] epoch=8 step=117 train_loss=0.9416 val_loss=1.2172 train_acc=0.5750 val_acc=0.4840 lr=0.0500
2026-06-09T10:32:08+00:00 [INFO] epoch=9 step=120 train_loss=0.5187 grad_norm=2.2742 lr=0.0500
2026-06-09T10:32:08+00:00 [INFO] epoch=9 step=130 train_loss=1.1011 grad_norm=4.6448 lr=0.0500
2026-06-09T10:32:08+00:00 [INFO] epoch=9 step=130 train_loss=0.7226 val_loss=0.9746 train_acc=0.7000 val_acc=0.6100 lr=0.0500
2026-06-09T10:32:08+00:00 [INFO] epoch=10 step=140 train_loss=0.5787 grad_norm=2.5855 lr=0.0500
2026-06-09T10:32:08+00:00 [INFO] epoch=10 step=143 train_loss=0.8213 val_loss=0.9358 train_acc=0.6250 val_acc=0.6260 lr=0.0500
2026-06-09T10:32:08+00:00 [INFO] epoch=11 step=150 train_loss=0.6213 grad_norm=2.5783 lr=0.0500
2026-06-09T10:32:08+00:00 [INFO] epoch=11 step=156 train_loss=1.1294 val_loss=1.3768 train_acc=0.6000 val_acc=0.5660 lr=0.0500
2026-06-09T10:32:08+00:00 [INFO] epoch=12 step=160 train_loss=0.6940 grad_norm=4.4816 lr=0.0500
2026-06-09T10:32:08+00:00 [INFO] epoch=12 step=169 train_loss=0.6042 val_loss=0.8484 train_acc=0.7600 val_acc=0.6820 lr=0.0500
2026-06-09T10:32:08+00:00 [INFO] epoch=13 step=170 train_loss=0.5086 grad_norm=2.4950 lr=0.0500
2026-06-09T10:32:08+00:00 [INFO] epoch=13 step=180 train_loss=1.0832 grad_norm=5.0605 lr=0.0500
2026-06-09T10:32:08+00:00 [INFO] epoch=13 step=182 train_loss=0.5301 val_loss=0.8458 train_acc=0.7650 val_acc=0.6260 lr=0.0500
2026-06-09T10:32:08+00:00 [INFO] epoch=14 step=190 train_loss=0.3706 grad_norm=1.9806 lr=0.0500
2026-06-09T10:32:08+00:00 [INFO] epoch=14 step=195 train_loss=0.5892 val_loss=0.8274 train_acc=0.7550 val_acc=0.6590 lr=0.0500
2026-06-09T10:32:08+00:00 [INFO] epoch=15 step=200 train_loss=0.4802 grad_norm=2.4987 lr=0.0500
2026-06-09T10:32:08+00:00 [INFO] epoch=15 step=208 train_loss=0.6528 val_loss=0.9565 train_acc=0.7700 val_acc=0.6400 lr=0.0500
2026-06-09T10:32:08+00:00 [INFO] epoch=16 step=210 train_loss=0.5227 grad_norm=2.4658 lr=0.0500
2026-06-09T10:32:08+00:00 [INFO] epoch=16 step=220 train_loss=0.7747 grad_norm=6.5439 lr=0.0500
2026-06-09T10:32:08+00:00 [INFO] epoch=16 step=221 train_loss=0.5545 val_loss=0.8813 train_acc=0.7800 val_acc=0.6820 lr=0.0500
2026-06-09T10:32:08+00:00 [INFO] epoch=17 step=230 train_loss=0.3895 grad_norm=2.7018 lr=0.0500
2026-06-09T10:32:08+00:00 [INFO] epoch=17 step=234 train_loss=0.5802 val_loss=0.8557 train_acc=0.7650 val_acc=0.6770 lr=0.0500
2026-06-09T10:32:08+00:00 [INFO] epoch=18 step=240 train_loss=0.3939 grad_norm=3.5685 lr=0.0500
2026-06-09T10:32:08+00:00 [INFO] epoch=18 step=247 train_loss=0.4008 val_loss=0.7732 train_acc=0.8450 val_acc=0.6950 lr=0.0500
2026-06-09T10:32:08+00:00 [INFO] epoch=19 step=250 train_loss=0.6760 grad_norm=4.9239 lr=0.0500
2026-06-09T10:32:08+00:00 [INFO] epoch=19 step=260 train_loss=0.4274 grad_norm=3.0760 lr=0.0500
2026-06-09T10:32:08+00:00 [INFO] epoch=19 step=260 train_loss=0.4007 val_loss=0.8265 train_acc=0.8000 val_acc=0.6630 lr=0.0500
2026-06-09T10:32:09+00:00 [INFO] epoch=20 step=270 train_loss=0.2625 grad_norm=1.8487 lr=0.0500
2026-06-09T10:32:09+00:00 [INFO] epoch=20 step=273 train_loss=0.3686 val_loss=0.7715 train_acc=0.8750 val_acc=0.7260 lr=0.0500
2026-06-09T10:32:09+00:00 [INFO] epoch=21 step=280 train_loss=0.4760 grad_norm=3.2484 lr=0.0500
2026-06-09T10:32:09+00:00 [INFO] epoch=21 step=286 train_loss=0.4277 val_loss=0.8481 train_acc=0.8200 val_acc=0.6930 lr=0.0500
2026-06-09T10:32:09+00:00 [INFO] epoch=22 step=290 train_loss=0.2959 grad_norm=2.3262 lr=0.0500
2026-06-09T10:32:09+00:00 [INFO] epoch=22 step=299 train_loss=0.4228 val_loss=0.8974 train_acc=0.7800 val_acc=0.6620 lr=0.0500
2026-06-09T10:32:09+00:00 [INFO] epoch=23 step=300 train_loss=0.6714 grad_norm=4.4792 lr=0.0500
2026-06-09T10:32:09+00:00 [INFO] epoch=23 step=310 train_loss=0.6771 grad_norm=4.5893 lr=0.0500
2026-06-09T10:32:09+00:00 [INFO] epoch=23 step=312 train_loss=0.4714 val_loss=0.8473 train_acc=0.8150 val_acc=0.7150 lr=0.0500
2026-06-09T10:32:09+00:00 [INFO] epoch=24 step=320 train_loss=0.3101 grad_norm=1.8101 lr=0.0500
2026-06-09T10:32:09+00:00 [INFO] epoch=24 step=325 train_loss=0.3239 val_loss=0.7481 train_acc=0.8900 val_acc=0.7290 lr=0.0500
2026-06-09T10:32:09+00:00 [INFO] epoch=25 step=330 train_loss=0.2230 grad_norm=2.1509 lr=0.0500
2026-06-09T10:32:09+00:00 [INFO] epoch=25 step=338 train_loss=0.3201 val_loss=0.8494 train_acc=0.8600 val_acc=0.6980 lr=0.0500
2026-06-09T10:32:09+00:00 [INFO] epoch=26 step=340 train_loss=0.1594 grad_norm=1.5852 lr=0.0500
2026-06-09T10:32:09+00:00 [INFO] epoch=26 step=350 train_loss=0.2072 grad_norm=1.8726 lr=0.0500
2026-06-09T10:32:09+00:00 [INFO] epoch=26 step=351 train_loss=0.6266 val_loss=1.2385 train_acc=0.7800 val_acc=0.6370 lr=0.0500
2026-06-09T10:32:09+00:00 [INFO] epoch=27 step=360 train_loss=0.4266 grad_norm=2.6166 lr=0.0500
2026-06-09T10:32:09+00:00 [INFO] epoch=27 step=364 train_loss=0.2373 val_loss=0.7388 train_acc=0.9150 val_acc=0.7500 lr=0.0500
2026-06-09T10:32:09+00:00 [INFO] epoch=28 step=370 train_loss=0.1852 grad_norm=1.5569 lr=0.0500
2026-06-09T10:32:09+00:00 [INFO] epoch=28 step=377 train_loss=0.4568 val_loss=0.9519 train_acc=0.8450 val_acc=0.7130 lr=0.0500
2026-06-09T10:32:09+00:00 [INFO] epoch=29 step=380 train_loss=0.7084 grad_norm=4.9911 lr=0.0500
2026-06-09T10:32:09+00:00 [INFO] epoch=29 step=390 train_loss=0.4206 grad_norm=3.4373 lr=0.0500
2026-06-09T10:32:09+00:00 [INFO] epoch=29 step=390 train_loss=0.2493 val_loss=0.8936 train_acc=0.8950 val_acc=0.6990 lr=0.0500
2026-06-09T10:32:09+00:00 [INFO] epoch=30 step=400 train_loss=0.4882 grad_norm=3.6723 lr=0.0500
2026-06-09T10:32:09+00:00 [INFO] epoch=30 step=403 train_loss=0.2603 val_loss=0.7122 train_acc=0.9150 val_acc=0.7720 lr=0.0500
2026-06-09T10:32:09+00:00 [INFO] epoch=31 step=410 train_loss=0.2260 grad_norm=2.4677 lr=0.0500
2026-06-09T10:32:09+00:00 [INFO] epoch=31 step=416 train_loss=0.2200 val_loss=0.8090 train_acc=0.9250 val_acc=0.7300 lr=0.0500
2026-06-09T10:32:10+00:00 [INFO] epoch=32 step=420 train_loss=0.3008 grad_norm=3.8814 lr=0.0500
2026-06-09T10:32:10+00:00 [INFO] epoch=32 step=429 train_loss=0.3340 val_loss=1.0885 train_acc=0.8700 val_acc=0.6500 lr=0.0500
2026-06-09T10:32:10+00:00 [INFO] epoch=33 step=430 train_loss=0.5647 grad_norm=7.0141 lr=0.0500
2026-06-09T10:32:10+00:00 [INFO] epoch=33 step=440 train_loss=0.1994 grad_norm=1.3896 lr=0.0500
2026-06-09T10:32:10+00:00 [INFO] epoch=33 step=442 train_loss=0.1651 val_loss=0.8009 train_acc=0.9600 val_acc=0.7440 lr=0.0500
2026-06-09T10:32:10+00:00 [INFO] epoch=34 step=450 train_loss=0.2614 grad_norm=2.5857 lr=0.0500
2026-06-09T10:32:10+00:00 [INFO] epoch=34 step=455 train_loss=0.2092 val_loss=0.7539 train_acc=0.9250 val_acc=0.7610 lr=0.0500
2026-06-09T10:32:10+00:00 [INFO] epoch=35 step=460 train_loss=0.4143 grad_norm=4.2507 lr=0.0500
2026-06-09T10:32:10+00:00 [INFO] epoch=35 step=468 train_loss=0.6109 val_loss=1.3504 train_acc=0.8450 val_acc=0.6780 lr=0.0500
2026-06-09T10:32:10+00:00 [INFO] epoch=36 step=470 train_loss=0.9065 grad_norm=7.1415 lr=0.0500
2026-06-09T10:32:10+00:00 [INFO] epoch=36 step=480 train_loss=0.0828 grad_norm=0.9748 lr=0.0500
2026-06-09T10:32:10+00:00 [INFO] epoch=36 step=481 train_loss=0.2058 val_loss=0.8372 train_acc=0.9200 val_acc=0.7070 lr=0.0500
2026-06-09T10:32:10+00:00 [INFO] epoch=37 step=490 train_loss=0.3102 grad_norm=3.6410 lr=0.0500
2026-06-09T10:32:10+00:00 [INFO] epoch=37 step=494 train_loss=0.1931 val_loss=0.8439 train_acc=0.9400 val_acc=0.7150 lr=0.0500
2026-06-09T10:32:10+00:00 [INFO] epoch=38 step=500 train_loss=0.0409 grad_norm=0.7636 lr=0.0500
2026-06-09T10:32:10+00:00 [INFO] epoch=38 step=507 train_loss=0.1467 val_loss=0.8134 train_acc=0.9400 val_acc=0.7240 lr=0.0500
2026-06-09T10:32:10+00:00 [INFO] epoch=39 step=510 train_loss=0.2586 grad_norm=2.7022 lr=0.0500
2026-06-09T10:32:10+00:00 [INFO] epoch=39 step=520 train_loss=0.0848 grad_norm=2.7564 lr=0.0500
2026-06-09T10:32:10+00:00 [INFO] epoch=39 step=520 train_loss=0.1647 val_loss=0.8054 train_acc=0.9350 val_acc=0.7500 lr=0.0500
2026-06-09T10:32:10+00:00 [INFO] saved model -> .artifacts/model.pt
2026-06-09T10:32:10+00:00 [INFO] run end status=succeeded duration_sec=3.82 steps=93 -> scenarios/overfit/metrics.json
